WS IN [53]: {"type":"register","user_id":42}
Registered 53 as user 42
WS IN [53]: {"type":"ping"}
Ignoring non-chat message type 'ping' from 53
WS IN [90]: {"type":"register","user_id":42}
Registered 90 as user 42
WS IN [95]: {"type":"register","user_id":42}
Registered 95 as user 42
WS IN [95]: {"type":"ping"}
Ignoring non-chat message type 'ping' from 95
WS IN [95]: {"type":"ping"}
Ignoring non-chat message type 'ping' from 95
WS IN [95]: {"type":"ping"}
Ignoring non-chat message type 'ping' from 95
WS IN [106]: {"type":"register","user_id":42}
Registered 106 as user 42
WS IN [111]: {"type":"register","user_id":42}
Registered 111 as user 42
WS IN [111]: {"type":"ping"}
Ignoring non-chat message type 'ping' from 111
WS IN [111]: {"type":"ping"}
Ignoring non-chat message type 'ping' from 111
WS IN [111]: {"type":"ping"}
Ignoring non-chat message type 'ping' from 111
WS IN [111]: {"type":"ping"}
Ignoring non-chat message type 'ping' from 111
WS IN [124]: {"type":"register","user_id":42}
Registered 124 as user 42
WS IN [124]: {"type":"ping"}
Ignoring non-chat message type 'ping' from 124
WS IN [124]: {"type":"ping"}
Ignoring non-chat message type 'ping' from 124
WS IN [124]: {"type":"ping"}
Ignoring non-chat message type 'ping' from 124
WS IN [135]: {"type":"register","user_id":42}
Registered 135 as user 42
WS IN [140]: {"type":"register","user_id":42}
Registered 140 as user 42
WS IN [145]: {"type":"register","user_id":42}
Registered 145 as user 42
WS IN [145]: {"type":"ping"}
Ignoring non-chat message type 'ping' from 145
WS IN [145]: {"type":"ping"}
Ignoring non-chat message type 'ping' from 145
WS IN [145]: {"type":"ping"}
Ignoring non-chat message type 'ping' from 145
WS IN [145]: {"type":"ping"}
Ignoring non-chat message type 'ping' from 145
WS IN [145]: {"type":"ping"}
Ignoring non-chat message type 'ping' from 145
WS IN [145]: {"type":"ping"}
Ignoring non-chat message type 'ping' from 145
WS IN [162]: {"type":"register","user_id":109}
Registered 162 as user 109
WS IN [167]: {"type":"register","user_id":42}
Registered 167 as user 42
WS IN [172]: {"type":"register","user_id":42}
Registered 172 as user 42
WS IN [172]: {"type":"ping"}
Ignoring non-chat message type 'ping' from 172
WS IN [172]: {"type":"ping"}
Ignoring non-chat message type 'ping' from 172
WS IN [172]: {"type":"ping"}
Ignoring non-chat message type 'ping' from 172
WS IN [172]: {"type":"ping"}
Ignoring non-chat message type 'ping' from 172
WS IN [172]: {"type":"ping"}
Ignoring non-chat message type 'ping' from 172
WS IN [172]: {"type":"ping"}
Ignoring non-chat message type 'ping' from 172
WS IN [172]: {"type":"ping"}
Ignoring non-chat message type 'ping' from 172
WS IN [172]: {"type":"ping"}
Ignoring non-chat message type 'ping' from 172
WS IN [172]: {"type":"ping"}
Ignoring non-chat message type 'ping' from 172
WS IN [172]: {"type":"ping"}
Ignoring non-chat message type 'ping' from 172
WS IN [172]: {"type":"ping"}
Ignoring non-chat message type 'ping' from 172
WS IN [172]: {"type":"ping"}
Ignoring non-chat message type 'ping' from 172
WS IN [172]: {"type":"ping"}
Ignoring non-chat message type 'ping' from 172
WS IN [172]: {"type":"ping"}
Ignoring non-chat message type 'ping' from 172
WS IN [172]: {"type":"ping"}
Ignoring non-chat message type 'ping' from 172
WS IN [172]: {"type":"ping"}
Ignoring non-chat message type 'ping' from 172
WS IN [172]: {"type":"ping"}
Ignoring non-chat message type 'ping' from 172
WS IN [172]: {"type":"ping"}
Ignoring non-chat message type 'ping' from 172
WS IN [172]: {"type":"ping"}
Ignoring non-chat message type 'ping' from 172
WS IN [172]: {"type":"ping"}
Ignoring non-chat message type 'ping' from 172
WS IN [172]: {"type":"ping"}
Ignoring non-chat message type 'ping' from 172
WS IN [172]: {"type":"ping"}
Ignoring non-chat message type 'ping' from 172
WS IN [172]: {"type":"ping"}
Ignoring non-chat message type 'ping' from 172
WS IN [172]: {"type":"ping"}
Ignoring non-chat message type 'ping' from 172
WS IN [172]: {"type":"ping"}
Ignoring non-chat message type 'ping' from 172
WS IN [172]: {"type":"ping"}
Ignoring non-chat message type 'ping' from 172
WS IN [172]: {"type":"ping"}
Ignoring non-chat message type 'ping' from 172
WS IN [172]: {"type":"ping"}
Ignoring non-chat message type 'ping' from 172
WS IN [172]: {"type":"ping"}
Ignoring non-chat message type 'ping' from 172
WS IN [172]: {"type":"ping"}
Ignoring non-chat message type 'ping' from 172
WS IN [172]: {"type":"ping"}
Ignoring non-chat message type 'ping' from 172
WS IN [172]: {"type":"ping"}
Ignoring non-chat message type 'ping' from 172
WS IN [172]: {"type":"ping"}
Ignoring non-chat message type 'ping' from 172
WS IN [172]: {"type":"ping"}
Ignoring non-chat message type 'ping' from 172
WS IN [172]: {"type":"ping"}
Ignoring non-chat message type 'ping' from 172
WS IN [247]: {"type":"register","user_id":42}
Registered 247 as user 42
WS IN [252]: {"type":"register","user_id":42}
Registered 252 as user 42
WS IN [257]: {"type":"register","user_id":99}
Registered 257 as user 99
WS IN [262]: {"type":"register","user_id":78}
Registered 262 as user 78
WS IN [262]: {"type":"ping"}
Ignoring non-chat message type 'ping' from 262
WS IN [262]: {"type":"ping"}
Ignoring non-chat message type 'ping' from 262
WS IN [262]: {"type":"ping"}
Ignoring non-chat message type 'ping' from 262
WS IN [262]: {"type":"ping"}
Ignoring non-chat message type 'ping' from 262
WS IN [262]: {"type":"ping"}
Ignoring non-chat message type 'ping' from 262
WS IN [262]: {"type":"ping"}
Ignoring non-chat message type 'ping' from 262
WS IN [262]: {"type":"ping"}
Ignoring non-chat message type 'ping' from 262
WS IN [262]: {"type":"ping"}
Ignoring non-chat message type 'ping' from 262
WS IN [262]: {"type":"ping"}
Ignoring non-chat message type 'ping' from 262
WS IN [262]: {"type":"ping"}
Ignoring non-chat message type 'ping' from 262
WS IN [262]: {"type":"ping"}
Ignoring non-chat message type 'ping' from 262
WS IN [262]: {"type":"ping"}
Ignoring non-chat message type 'ping' from 262
WS IN [262]: {"type":"ping"}
Ignoring non-chat message type 'ping' from 262
WS IN [262]: {"type":"ping"}
Ignoring non-chat message type 'ping' from 262
WS IN [262]: {"type":"ping"}
Ignoring non-chat message type 'ping' from 262
WS IN [262]: {"type":"ping"}
Ignoring non-chat message type 'ping' from 262
WS IN [262]: {"type":"ping"}
Ignoring non-chat message type 'ping' from 262
WS IN [262]: {"type":"ping"}
Ignoring non-chat message type 'ping' from 262
WS IN [262]: {"type":"ping"}
Ignoring non-chat message type 'ping' from 262
WS IN [262]: {"type":"ping"}
Ignoring non-chat message type 'ping' from 262
WS IN [262]: {"type":"ping"}
Ignoring non-chat message type 'ping' from 262
WS IN [262]: {"type":"ping"}
Ignoring non-chat message type 'ping' from 262
WS IN [262]: {"type":"ping"}
Ignoring non-chat message type 'ping' from 262
WS IN [262]: {"type":"ping"}
Ignoring non-chat message type 'ping' from 262
WS IN [262]: {"type":"ping"}
Ignoring non-chat message type 'ping' from 262
WS IN [262]: {"type":"ping"}
Ignoring non-chat message type 'ping' from 262
WS IN [262]: {"type":"ping"}
Ignoring non-chat message type 'ping' from 262
WS IN [262]: {"type":"ping"}
Ignoring non-chat message type 'ping' from 262
WS IN [262]: {"type":"ping"}
Ignoring non-chat message type 'ping' from 262
WS IN [262]: {"type":"ping"}
Ignoring non-chat message type 'ping' from 262
WS IN [262]: {"type":"ping"}
Ignoring non-chat message type 'ping' from 262
WS IN [262]: {"type":"ping"}
Ignoring non-chat message type 'ping' from 262
WS IN [262]: {"type":"ping"}
Ignoring non-chat message type 'ping' from 262
WS IN [262]: {"type":"ping"}
Ignoring non-chat message type 'ping' from 262
WS IN [262]: {"type":"ping"}
Ignoring non-chat message type 'ping' from 262
WS IN [262]: {"type":"ping"}
Ignoring non-chat message type 'ping' from 262
WS IN [262]: {"type":"ping"}
Ignoring non-chat message type 'ping' from 262
WS IN [262]: {"type":"ping"}
Ignoring non-chat message type 'ping' from 262
WS IN [262]: {"type":"ping"}
Ignoring non-chat message type 'ping' from 262
WS IN [345]: {"type":"register","user_id":42}
Registered 345 as user 42
WS IN [262]: {"type":"ping"}
Ignoring non-chat message type 'ping' from 262
WS IN [262]: {"type":"ping"}
Ignoring non-chat message type 'ping' from 262
WS IN [262]: {"type":"ping"}
Ignoring non-chat message type 'ping' from 262
WS IN [262]: {"type":"ping"}
Ignoring non-chat message type 'ping' from 262
WS IN [262]: {"type":"ping"}
Ignoring non-chat message type 'ping' from 262
WS IN [262]: {"type":"ping"}
Ignoring non-chat message type 'ping' from 262
WS IN [262]: {"type":"ping"}
Ignoring non-chat message type 'ping' from 262
WS IN [262]: {"type":"ping"}
Ignoring non-chat message type 'ping' from 262
WS IN [262]: {"type":"ping"}
Ignoring non-chat message type 'ping' from 262
WS IN [262]: {"type":"ping"}
Ignoring non-chat message type 'ping' from 262
WS IN [262]: {"type":"ping"}
Ignoring non-chat message type 'ping' from 262
WS IN [262]: {"type":"ping"}
Ignoring non-chat message type 'ping' from 262
WS IN [262]: {"type":"ping"}
Ignoring non-chat message type 'ping' from 262
WS IN [262]: {"type":"ping"}
Ignoring non-chat message type 'ping' from 262
WS IN [262]: {"type":"ping"}
Ignoring non-chat message type 'ping' from 262
WS IN [262]: {"type":"ping"}
Ignoring non-chat message type 'ping' from 262
WS IN [262]: {"type":"ping"}
Ignoring non-chat message type 'ping' from 262
WS IN [262]: {"type":"ping"}
Ignoring non-chat message type 'ping' from 262
WS IN [262]: {"type":"ping"}
Ignoring non-chat message type 'ping' from 262
WS IN [262]: {"type":"ping"}
Ignoring non-chat message type 'ping' from 262
WS IN [262]: {"type":"ping"}
Ignoring non-chat message type 'ping' from 262
WS IN [262]: {"type":"ping"}
Ignoring non-chat message type 'ping' from 262
WS IN [262]: {"type":"ping"}
Ignoring non-chat message type 'ping' from 262
WS IN [262]: {"type":"ping"}
Ignoring non-chat message type 'ping' from 262
WS IN [262]: {"type":"ping"}
Ignoring non-chat message type 'ping' from 262
WS IN [262]: {"type":"ping"}
Ignoring non-chat message type 'ping' from 262
WS IN [262]: {"type":"ping"}
Ignoring non-chat message type 'ping' from 262
WS IN [262]: {"type":"ping"}
Ignoring non-chat message type 'ping' from 262
WS IN [53]: {"type":"register","user_id":99}
Registered 53 as user 99
WS IN [88]: {"type":"register","user_id":99}
Registered 88 as user 99
WS IN [88]: {"type":"ping"}
Ignoring non-chat message type 'ping' from 88
WS IN [88]: {"type":"ping"}
Ignoring non-chat message type 'ping' from 88
WS IN [88]: {"type":"ping"}
Ignoring non-chat message type 'ping' from 88
WS IN [99]: {"type":"register","user_id":99}
Registered 99 as user 99
WS IN [104]: {"type":"register","user_id":99}
Registered 104 as user 99
WS IN [104]: {"type":"ping"}
Ignoring non-chat message type 'ping' from 104
WS IN [104]: {"type":"ping"}
Ignoring non-chat message type 'ping' from 104
WS IN [53]: {"type":"register","user_id":99}
Registered 53 as user 99
WS IN [88]: {"type":"register","user_id":99}
Registered 88 as user 99
WS IN [88]: {"type":"ping"}
Ignoring non-chat message type 'ping' from 88
WS IN [95]: {"type":"register","user_id":99}
Registered 95 as user 99
WS IN [95]: {"type":"chat_message","sender_id":99,"receiver_id":42,"message":"hi babe","message_id":"1759329248961","timestamp":"2025-10-01T14:34:08.961Z"}
WS OUT [95]: {"sender_id":99,"receiver_id":42,"message":"hi babe","message_id":"1759329248961","timestamp":"2025-10-01T14:34:08.961Z"}
WS IN [102]: {"type":"register","user_id":99}
Registered 102 as user 99
WS IN [107]: {"type":"register","user_id":99}
Registered 107 as user 99
WS IN [112]: {"type":"register","user_id":99}
Registered 112 as user 99
WS IN [112]: {"type":"chat_message","sender_id":99,"receiver_id":42,"message":"hello","message_id":"1759329346576","timestamp":"2025-10-01T14:35:46.576Z"}
WS OUT [112]: {"sender_id":99,"receiver_id":42,"message":"hello","message_id":"1759329346576","timestamp":"2025-10-01T14:35:46.576Z"}
WS IN [119]: {"type":"register","user_id":99}
Registered 119 as user 99
WS IN [124]: {"type":"register","user_id":99}
Registered 124 as user 99
WS IN [129]: {"type":"register","user_id":99}
Registered 129 as user 99
WS IN [149]: {"type":"register","user_id":99}
Registered 149 as user 99
WS IN [154]: {"type":"register","user_id":99}
Registered 154 as user 99
WS IN [154]: {"type":"ping"}
Ignoring non-chat message type 'ping' from 154
WS IN [154]: {"type":"ping"}
Ignoring non-chat message type 'ping' from 154
WS IN [163]: {"type":"register","user_id":99}
Registered 163 as user 99
WS IN [168]: {"type":"register","user_id":99}
Registered 168 as user 99
WS IN [168]: {"type":"chat_message","sender_id":99,"receiver_id":42,"message":"hello","message_id":"1759329637482","timestamp":"2025-10-01T14:40:37.482Z"}
WS OUT [168]: {"sender_id":99,"receiver_id":42,"message":"hello","message_id":"1759329637482","timestamp":"2025-10-01T14:40:37.482Z"}
WS IN [168]: {"type":"ping"}
Ignoring non-chat message type 'ping' from 168
WS IN [168]: {"type":"ping"}
Ignoring non-chat message type 'ping' from 168
WS IN [179]: {"type":"register","user_id":99}
Registered 179 as user 99
WS IN [184]: {"type":"register","user_id":99}
Registered 184 as user 99
WS IN [184]: {"type":"ping"}
Ignoring non-chat message type 'ping' from 184
WS IN [184]: {"type":"ping"}
Ignoring non-chat message type 'ping' from 184
WS IN [184]: {"type":"ping"}
Ignoring non-chat message type 'ping' from 184
WS IN [184]: {"type":"ping"}
Ignoring non-chat message type 'ping' from 184
WS IN [184]: {"type":"ping"}
Ignoring non-chat message type 'ping' from 184
WS IN [184]: {"type":"ping"}
Ignoring non-chat message type 'ping' from 184
WS IN [184]: {"type":"ping"}
Ignoring non-chat message type 'ping' from 184
WS IN [208]: {"type":"register","user_id":99}
Registered 208 as user 99
WS IN [213]: {"type":"register","user_id":99}
Registered 213 as user 99
WS IN [218]: {"type":"register","user_id":99}
Registered 218 as user 99
WS IN [223]: {"type":"register","user_id":99}
Registered 223 as user 99
WS IN [223]: {"type":"ping"}
Ignoring non-chat message type 'ping' from 223
WS IN [230]: {"type":"register","user_id":99}
Registered 230 as user 99
WS IN [235]: {"type":"register","user_id":99}
Registered 235 as user 99
WS IN [235]: {"type":"ping"}
Ignoring non-chat message type 'ping' from 235
WS IN [235]: {"type":"ping"}
Ignoring non-chat message type 'ping' from 235
WS IN [244]: {"type":"register","user_id":99}
Registered 244 as user 99
WS IN [249]: {"type":"register","user_id":99}
Registered 249 as user 99
WS IN [254]: {"type":"register","user_id":99}
Registered 254 as user 99
WS IN [259]: {"type":"register","user_id":99}
Registered 259 as user 99
WS IN [259]: {"type":"ping"}
Ignoring non-chat message type 'ping' from 259
WS IN [266]: {"type":"register","user_id":99}
Registered 266 as user 99
WS IN [271]: {"type":"register","user_id":99}
Registered 271 as user 99
WS IN [271]: {"type":"ping"}
Ignoring non-chat message type 'ping' from 271
WS IN [278]: {"type":"register","user_id":99}
Registered 278 as user 99
WS IN [283]: {"type":"register","user_id":99}
Registered 283 as user 99
WS IN [288]: {"type":"register","user_id":99}
Registered 288 as user 99
WS IN [293]: {"type":"register","user_id":99}
Registered 293 as user 99
WS IN [293]: {"type":"ping"}
Ignoring non-chat message type 'ping' from 293
WS IN [300]: {"type":"register","user_id":99}
Registered 300 as user 99
WS IN [305]: {"type":"register","user_id":99}
Registered 305 as user 99
WS IN [310]: {"type":"register","user_id":99}
Registered 310 as user 99
WS IN [315]: {"type":"register","user_id":99}
Registered 315 as user 99
WS IN [320]: {"type":"register","user_id":99}
Registered 320 as user 99
WS IN [325]: {"type":"register","user_id":99}
Registered 325 as user 99
WS IN [330]: {"type":"register","user_id":99}
Registered 330 as user 99
WS IN [335]: {"type":"register","user_id":99}
Registered 335 as user 99
WS IN [340]: {"type":"register","user_id":99}
Registered 340 as user 99
WS IN [345]: {"type":"register","user_id":99}
Registered 345 as user 99
WS IN [350]: {"type":"register","user_id":99}
Registered 350 as user 99
WS IN [355]: {"type":"register","user_id":99}
Registered 355 as user 99
WS IN [355]: {"type":"ping"}
Ignoring non-chat message type 'ping' from 355
WS IN [355]: {"type":"ping"}
Ignoring non-chat message type 'ping' from 355
WS IN [355]: {"type":"ping"}
Ignoring non-chat message type 'ping' from 355
WS IN [355]: {"type":"ping"}
Ignoring non-chat message type 'ping' from 355
WS IN [355]: {"type":"ping"}
Ignoring non-chat message type 'ping' from 355
WS IN [355]: {"type":"ping"}
Ignoring non-chat message type 'ping' from 355
WS IN [372]: {"type":"register","user_id":78}
Registered 372 as user 78
WS IN [377]: {"type":"register","user_id":78}
Registered 377 as user 78
WS IN [382]: {"type":"register","user_id":107}
Registered 382 as user 107
WS IN [387]: {"type":"register","user_id":107}
Registered 387 as user 107
WS IN [392]: {"type":"register","user_id":107}
Registered 392 as user 107
WS IN [397]: {"type":"register","user_id":107}
Registered 397 as user 107
WS IN [402]: {"type":"register","user_id":107}
Registered 402 as user 107
WS IN [407]: {"type":"register","user_id":107}
Registered 407 as user 107
WS IN [412]: {"type":"register","user_id":99}
Registered 412 as user 99
WS IN [417]: {"type":"register","user_id":99}
Registered 417 as user 99
